<object-stream>
<org.drools.audit.event.ActivationLogEvent>
  <type>4</type>
  <activationId>Hello World [1]</activationId>
  <rule>Hello World</rule>
  <declarations>m=com.sample.DroolsTest$Message@4fdf8f12(1); myMessage=Hello World(1)</declarations>
</org.drools.audit.event.ActivationLogEvent>
<org.drools.audit.event.ObjectLogEvent>
  <type>1</type>
  <factId>1</factId>
  <objectToString>com.sample.DroolsTest$Message@4fdf8f12</objectToString>
</org.drools.audit.event.ObjectLogEvent>
<org.drools.audit.event.ActivationLogEvent>
  <type>6</type>
  <activationId>Hello World [1]</activationId>
  <rule>Hello World</rule>
  <declarations>m=com.sample.DroolsTest$Message@4fdf8f12(1); myMessage=Hello World(1)</declarations>
</org.drools.audit.event.ActivationLogEvent>
<org.drools.audit.event.ActivationLogEvent>
  <type>4</type>
  <activationId>GoodBye [1]</activationId>
  <rule>GoodBye</rule>
  <declarations>myMessage=Goodbye cruel world(1)</declarations>
</org.drools.audit.event.ActivationLogEvent>
<org.drools.audit.event.ObjectLogEvent>
  <type>2</type>
  <factId>1</factId>
  <objectToString>com.sample.DroolsTest$Message@4fdf8f12</objectToString>
</org.drools.audit.event.ObjectLogEvent>
<org.drools.audit.event.ActivationLogEvent>
  <type>7</type>
  <activationId>Hello World [1]</activationId>
  <rule>Hello World</rule>
  <declarations>m=com.sample.DroolsTest$Message@4fdf8f12(1); myMessage=Goodbye cruel world(1)</declarations>
</org.drools.audit.event.ActivationLogEvent>
<org.drools.audit.event.ActivationLogEvent>
  <type>6</type>
  <activationId>GoodBye [1]</activationId>
  <rule>GoodBye</rule>
  <declarations>myMessage=Goodbye cruel world(1)</declarations>
</org.drools.audit.event.ActivationLogEvent>
<org.drools.audit.event.ActivationLogEvent>
  <type>7</type>
  <activationId>GoodBye [1]</activationId>
  <rule>GoodBye</rule>
  <declarations>myMessage=Goodbye cruel world(1)</declarations>
</org.drools.audit.event.ActivationLogEvent>
</object-stream>
